<label
  for="GENERATED-0"
>
  Name
</label>
<input
  id="GENERATED-0"
/>