src/__tests__/fixtures/if/templates/error-tag-var.marko(2,2): The <if> tag does not support a tag variable.
  1 | <props/{ show }/>
> 2 | <if/show>
    |  ^^
  3 |   Hello world!
  4 | </if>
  5 |