<label
  for="GENERATED-0"
>
  Field: a
</label>
<input
  id="GENERATED-0"
/>
<label
  for="GENERATED-1"
>
  Field: b
</label>
<input
  id="GENERATED-1"
/>
<label
  for="GENERATED-2"
>
  Field: c
</label>
<input
  id="GENERATED-2"
/>