src/__tests__/fixtures/get-and-set/templates/error-get-no-tag-var.marko(2,4): The <get> tag requires a tag variable.
  1 | <set=1>
> 2 |   <get="."/>
    |    ^^^
  3 |   <div>${val}</div>
  4 | </set>
  5 |