<input
  type="checkbox"
/>
<span>
  false
</span>