src/__tests__/fixtures/attrs/templates/error-attr.marko(1,2): The <attrs> tag does not support attributes.
> 1 | <attrs/{ value } y=2/>
    |  ^^^^^
  2 | <div>Hello ${value}</div>
  3 |