src/__tests__/fixtures/id/templates/error-body-parameters.marko(1,2): The <id> tag does not support tag body parameters.
> 1 | <id/firstNameId|y|/>
    |  ^^
  2 | <input id=firstNameId/>
  3 |