src/__tests__/fixtures/effect/templates/error-args.marko(1,2): The <effect> tag does not support arguments.
> 1 | <effect(x)=(() => {})/>
    |  ^^^^^^
  2 | <div/>
  3 |