<p>
  1
</p>
<button>
  Increment 0
</button>
<button>
  Remove 0
</button>
<p>
  2
</p>
<button>
  Increment 1
</button>
<button>
  Remove 1
</button>
<p>
  1
</p>
<button>
  Increment 2
</button>
<button>
  Remove 2
</button>
<button>
  Create
</button>