<p>
  0
</p>
<button>
  Increment 0
</button>
<button>
  Remove 0
</button>
<button>
  Create
</button>