src/__tests__/fixtures/attrs/templates/error-body-content.marko(1,2): The <attrs> tag does not support body content.
> 1 | <attrs/{ value }>Hello</attrs>
    |  ^^^^^
  2 | <div>${value}</div>
  3 |