src/__tests__/fixtures/id/templates/error-args.marko(1,2): The <id> tag requires a tag variable.
> 1 | <id(x)/firstNameId/>
    |  ^^
  2 | <input id=firstNameId/>
  3 |