<p>
  2 x 2 = 4
</p>
<button>
  increment
</button>