src/__tests__/fixtures/tag/templates/error-destructured.marko(1,2): The <tag> tag cannot have a destructured tag variable.
> 1 | <tag/{ myTag }|{ name }|>
    |  ^^^
  2 |   <div>Hello ${name}</div>
  3 | </tag>
  4 |