a: 3
<button>
  Increment a
</button>
b: 3
<button>
  Increment b
</button>