a: 2
<button>
  Increment a
</button>
b: 3
<button>
  Increment b
</button>
c: 3
<button>
  Increment c
</button>