<label>
  Toggle: Hello
  <input
    data-test=""
    value="Hello"
  />
</label>