src/__tests__/fixtures/misc/templates/error-hoisting-assign-after.marko(6,24): Assigning to a hoisted tag variable is not supported in the tags api preview.
  4 | </div>
  5 |
> 6 | <button onClick=(() => x++)/>
    |                        ^^^
  7 |