<label>
  Toggle: Hello World
  <input
    value="Hello World"
  />
</label>